[2026-05-25 15:22:29] user:U10001 action:desativar_usuario details:desativou U100008 motivo:Ficou gravida
[2026-05-25 15:22:48] user:U10001 action:desativar_usuario details:desativou U100008 motivo:Ficou gravida
[2026-05-25 15:22:48] user:U10001 action:desativar_usuario details:desativou U100008 motivo:Ficou gravida
[2026-05-25 15:22:48] user:U10001 action:desativar_usuario details:desativou U100008 motivo:Ficou gravida
[2026-05-25 15:22:48] user:U10001 action:desativar_usuario details:desativou U100008 motivo:Ficou gravida
[2026-05-25 15:22:48] user:U10001 action:desativar_usuario details:desativou U100008 motivo:Ficou gravida
[2026-05-25 15:22:49] user:U10001 action:desativar_usuario details:desativou U100008 motivo:Ficou gravida
[2026-05-25 15:22:49] user:U10001 action:desativar_usuario details:desativou U100008 motivo:Ficou gravida
[2026-05-25 15:22:49] user:U10001 action:desativar_usuario details:desativou U100008 motivo:Ficou gravida
[2026-05-25 15:22:49] user:U10001 action:desativar_usuario details:desativou U100008 motivo:Ficou gravida
[2026-05-25 15:22:49] user:U10001 action:desativar_usuario details:desativou U100008 motivo:Ficou gravida
[2026-05-25 15:22:49] user:U10001 action:desativar_usuario details:desativou U100008 motivo:Ficou gravida
[2026-05-25 15:22:49] user:U10001 action:desativar_usuario details:desativou U100008 motivo:Ficou gravida
[2026-05-25 15:22:50] user:U10001 action:desativar_usuario details:desativou U100008 motivo:Ficou gravida
[2026-05-25 15:22:52] user:U10001 action:desativar_usuario details:desativou U100008 motivo:Ficou gravida
[2026-05-25 15:22:52] user:U10001 action:desativar_usuario details:desativou U100008 motivo:Ficou gravida
[2026-05-25 15:22:53] user:U10001 action:desativar_usuario details:desativou U100008 motivo:Ficou gravida
[2026-05-25 15:22:53] user:U10001 action:desativar_usuario details:desativou U100008 motivo:Ficou gravida
[2026-05-25 15:27:30] user:U10001 action:reativar_usuario details:reativou U100008
[2026-05-25 15:27:30] user:U10001 action:confirmacao_reativacao details:U100008 - Ana Souza
[2026-05-25 16:12:50] user:- action:cadastrar_produto details:id:E100013 nome:feijão fornecedor:F002 qtd:199
[2026-05-25 16:18:17] user:U10001 action:registrar_venda details:venda:V100001 produto:E100013 qtd:6 metodo:Dinheiro
[2026-05-25 16:37:04] user:U10001 action:desativar_usuario details:desativou U100003 motivo:sla cara
[2026-05-25 16:37:05] user:U10001 action:desativar_usuario details:desativou U100003 motivo:sla cara
[2026-05-25 16:37:05] user:U10001 action:desativar_usuario details:desativou U100003 motivo:sla cara
[2026-05-25 16:37:06] user:U10001 action:desativar_usuario details:desativou U100003 motivo:sla cara
[2026-05-25 16:37:07] user:U10001 action:confirmacao_desativacao details:U100003 - Carlos Lima
[2026-05-25 16:40:33] user:U10001 action:reativar_usuario details:reativou U100003
[2026-05-25 16:40:34] user:U10001 action:confirmacao_reativacao details:U100003 - Carlos Lima
[2026-05-25 16:40:44] user:U10001 action:desativar_usuario details:desativou U100008 motivo:Teo
[2026-05-25 16:40:53] user:U10001 action:desativar_usuario details:desativou U100008 motivo:Teo
[2026-05-25 16:40:53] user:U10001 action:desativar_usuario details:desativou U100008 motivo:Teo
[2026-05-25 16:40:53] user:U10001 action:desativar_usuario details:desativou U100008 motivo:Teo
[2026-05-25 16:40:53] user:U10001 action:desativar_usuario details:desativou U100008 motivo:Teo
[2026-05-25 16:40:54] user:U10001 action:desativar_usuario details:desativou U100008 motivo:Teo
[2026-05-25 16:40:56] user:U10001 action:confirmacao_desativacao details:U100008 - Ana Souza
[2026-05-25 16:41:06] user:U10001 action:reativar_usuario details:reativou U100008
[2026-05-25 16:41:06] user:U10001 action:confirmacao_reativacao details:U100008 - Ana Souza
[2026-05-25 16:41:13] user:U10001 action:confirmacao_desativacao details:U100008 - Ana Souza
[2026-05-25 16:45:40] user:U10001 action:desativar_usuario details:desativou U100008 motivo:teo
[2026-05-25 16:45:40] user:U10001 action:confirmacao_desativacao details:U100008 - Ana Souza
[2026-05-25 16:45:50] user:U10001 action:reativar_usuario details:reativou U100008
[2026-05-25 16:45:50] user:U10001 action:confirmacao_reativacao details:U100008 - Ana Souza
[2026-05-27 14:26:26] user:U100005 action:cadastrar_usuario details:nome:Piter Parck cpf:43648346989 perfil:vendedor
[2026-05-27 14:38:07] user:U100006 action:cadastrar_usuario details:nome:Neymar Jr cpf:13254789522 perfil:admin
